exports[`componentForFields constructs fields for each field type 1`] = `
<p>
  components
</p>
`;
